[andyngojs.github.io/crush-love/index4a12.html]
[cdnjs.cloudflare.com/ajax/libs/normalize/8.0.1/normalize.min.css]
[andyngojs.github.io/crush-love/assets/fonts/themify-icons.css]
[andyngojs.github.io/crush-love/assets/styles.css]
[andyngojs.github.io/crush-love/assets/responsive.css]
[backblue.gif]
[fade.gif]
[index.html]
[andyngojs.github.io/crush-love/assets/musics/V1.wav]
[code.jquery.com/jquery-3.6.0.min.js]
[andyngojs.github.io/crush-love/CONFIG.js]
[andyngojs.github.io/crush-love/assets/js/main.js]
[andyngojs.github.io/crush-love/index4a12.html]
[cdnjs.cloudflare.com/ajax/libs/normalize/8.0.1/normalize.min.css]
[andyngojs.github.io/crush-love/assets/fonts/fonts/themify9f24.eot]
[andyngojs.github.io/crush-love/assets/fonts/fonts/themifyd41d.eot]
[andyngojs.github.io/crush-love/assets/fonts/fonts/themify9f24.woff]
[andyngojs.github.io/crush-love/assets/fonts/fonts/themify9f24.ttf]
[andyngojs.github.io/crush-love/assets/fonts/themify-icons.css]
[andyngojs.github.io/crush-love/assets/styles.css]
[andyngojs.github.io/crush-love/assets/responsive.css]
[andyngojs.github.io/crush-love/assets/fonts/fonts/themify9f24.svg]
[andyngojs.github.io/crush-love/assets/fonts/fonts/themify9f24.svg]
